<!DOCTYPE html PUBLIC "-//W3C//DTD XHTML 1.0 Transitional//EN" "http://www.w3.org/TR/xhtml1/DTD/xhtml1-transitional.dtd">
<html xmlns="http://www.w3.org/1999/xhtml">
<head>
<meta http-equiv="Content-Type" content="text/html; charset=iso-8859-1" />
<title>Untitled Document</title>
<link rel="stylesheet" type="text/css" href="hbase.css" />
</head>

<body>
<img src="verisign-header.gif" border="0" usemap="#home" />
<map name="home" id="home">
<area shape="rect" coords="10,5,119,61" href="http://www.verisign.com/" /></map>
<table width="766" border="0" height="360">
  <tr valign="top">
    <td>&nbsp;</td>
    <td><br /><center><b>Revoked VeriSign Secure Site Pro with EV Certificate Test Page</b><p><p>Allows Application Software Vendors to test their software with a revoked VeriSign EV certificate.</center></td>
    <td>&nbsp;</td>
  </tr>
  
</table>
<img src="verisign-footer.gif" />
</body>

</html>
